C51 COMPILER V9.57.0.0   PART2_5_512232SUIJI                                               06/24/2019 18:05:17 PAGE 1   


C51 COMPILER V9.57.0.0, COMPILATION OF MODULE PART2_5_512232SUIJI
OBJECT MODULE PLACED IN part2.5_512232suiji.OBJ
COMPILER INVOKED BY: D:\Program Files\Keil_v5\C51\BIN\C51.EXE part2.5_512232suiji.c OPTIMIZE(8,SPEED) BROWSE DEBUG OBJEC
                    -TEXTEND TABS(2)

line level    source

   1          #include <reg52.h> 
   2          #include <stdlib.h>
   3          #define uint unsigned int 
   4          #define uchar unsigned char
   5          sbit CS=P1^2; 
   6          sbit SID=P1^1; 
   7          sbit SCLK=P1^0;
   8          uchar disps[10];
   9          uchar code dispx[]={"我爱单片机!"};
  10          
  11          void delay_1ms(uint x) 
  12          { 
  13   1      uint i,j; 
  14   1      for(j=0;j<x;j++)  
  15   1        for(i=0;i<110;i++); 
  16   1      }
  17          void send_command(uchar command_data) 
  18          { 
  19   1        uchar i; 
  20   1        uchar i_data;
  21   1        i_data=0xf8; 
  22   1        CS=1; 
  23   1        SCLK=0; 
  24   1        for(i=0;i<8;i++) 
  25   1          { 
  26   2            SID=(bit)(i_data&0x80); 
  27   2            SCLK=0; 
  28   2            SCLK=1; 
  29   2            i_data=i_data<<1; 
  30   2          } 
  31   1        i_data=command_data; 
  32   1        i_data&=0xf0;
  33   1        for(i=0;i<8;i++) 
  34   1          { 
  35   2            SID=(bit)(i_data&0x80); 
  36   2            SCLK=0; 
  37   2            SCLK=1; 
  38   2            i_data=i_data<<1; 
  39   2          } 
  40   1        i_data=command_data; 
  41   1        i_data<<=4;
  42   1        for(i=0;i<8;i++) 
  43   1          { 
  44   2            SID=(bit)(i_data&0x80); 
  45   2            SCLK=0; 
  46   2            SCLK=1; 
  47   2            i_data=i_data<<1; 
  48   2          } 
  49   1        CS=0; 
  50   1        delay_1ms(10); 
  51   1      } 
  52          void send_data(uchar command_data) 
  53          { 
  54   1        uchar i; 
C51 COMPILER V9.57.0.0   PART2_5_512232SUIJI                                               06/24/2019 18:05:17 PAGE 2   

  55   1        uchar i_data;
  56   1        i_data=0xfa;  
  57   1        CS=1; 
  58   1        for(i=0;i<8;i++) 
  59   1          { 
  60   2            SID=(bit)(i_data&0x80); 
  61   2            SCLK=0; 
  62   2            SCLK=1; 
  63   2            i_data=i_data<<1;  
  64   2          } 
  65   1        i_data=command_data; 
  66   1        i_data&=0xf0; 
  67   1        for(i=0;i<8;i++) 
  68   1          { 
  69   2            SID=(bit)(i_data&0x80); 
  70   2            SCLK=0; 
  71   2            SCLK=1; 
  72   2            i_data=i_data<<1; 
  73   2          } 
  74   1        i_data=command_data;
  75   1        i_data<<=4; 
  76   1        for(i=0;i<8;i++) 
  77   1          { 
  78   2            SID=(bit)(i_data&0x80); 
  79   2            SCLK=0; 
  80   2            SCLK=1; 
  81   2            i_data=i_data<<1; 
  82   2          } 
  83   1        CS=0; 
  84   1        delay_1ms(10);  
  85   1      }
  86          void lcd_init() 
  87          { 
  88   1        delay_1ms(100); 
  89   1        send_command(0x30); /*设置8位数据接口，基本指令模式。*/ 
  90   1        send_command(0x02); /*清DDRAM*/ 
  91   1        send_command(0x06); /*游标及显示右移一位*/  
  92   1        send_command(0x0c); /*整体显示开，游标关，反白关*/ 
  93   1        send_command(0x01); /*写入空格清屏幕*/ 
  94   1        send_command(0x80); /*设定首次显示位置*/ 
  95   1      
  96   1      }
  97          void display_s()
  98          {
  99   1        uchar a;
 100   1        send_command(0x80);
 101   1        for(a=0;a<10;a++)
 102   1        {
 103   2          send_data(disps[a]);    
 104   2        }
 105   1      }
 106          void display_x() 
 107          { 
 108   1        uchar a;
 109   1        send_command(0x92);
 110   1        for(a=0;a<11;a++)
 111   1        {
 112   2          send_data(dispx[a]);    
 113   2        } 
 114   1      }
 115          void makerand()
 116          {
C51 COMPILER V9.57.0.0   PART2_5_512232SUIJI                                               06/24/2019 18:05:17 PAGE 3   

 117   1        uint ran;
 118   1        ran=rand();
 119   1        disps[0]=ran/10000+0x30;  
 120   1        disps[1]=ran%10000/1000+0x30;
 121   1        disps[2]=ran%1000/100+0x30;
 122   1        disps[3]=ran%100/10+0x30;
 123   1        disps[4]=ran%10+0x30;
 124   1        ran=rand();
 125   1        disps[5]=ran/10000+0x30;  
 126   1        disps[6]=ran%10000/1000+0x30;
 127   1        disps[7]=ran%1000/100+0x30;
 128   1        disps[8]=ran%100/10+0x30;
 129   1        disps[9]=ran%10+0x30;
 130   1      
 131   1      }
 132          main() 
 133          { 
 134   1        lcd_init(); 
 135   1        display_x();
 136   1        while(1)
 137   1        {
 138   2          makerand();
 139   2          display_s();
 140   2          delay_1ms(100); 
 141   2        }
 142   1        while(1); 
 143   1      }


MODULE INFORMATION:   STATIC OVERLAYABLE
   CODE SIZE        =    537    ----
   CONSTANT SIZE    =     12    ----
   XDATA SIZE       =   ----    ----
   PDATA SIZE       =   ----    ----
   DATA SIZE        =     10    ----
   IDATA SIZE       =   ----    ----
   BIT SIZE         =   ----    ----
END OF MODULE INFORMATION.


C51 COMPILATION COMPLETE.  0 WARNING(S),  0 ERROR(S)
