C51 COMPILER V9.57.0.0   PART2_5_5                                                         06/24/2019 18:15:50 PAGE 1   


C51 COMPILER V9.57.0.0, COMPILATION OF MODULE PART2_5_5
OBJECT MODULE PLACED IN part2.5_5.OBJ
COMPILER INVOKED BY: D:\Program Files\Keil_v5\C51\BIN\C51.EXE part2.5_5.c OPTIMIZE(8,SPEED) BROWSE DEBUG OBJECTEXTEND TA
                    -BS(2)

line level    source

   1          #include <reg51.h>
   2          #include <intrins.h>
   3          #include <stdlib.h> 
   4          #define uchar unsigned char
   5          #define uint  unsigned int
   6          /* 端口定义*/
   7          #define LCD_data  P0             //数据口
   8          sbit LCD_RS  =  P3^5;            //寄存器选择输入 
   9          sbit LCD_RW  =  P3^6;            //液晶读/写控制
  10          sbit LCD_EN  =  P3^4;            //液晶使能控制
  11          sbit LCD_PSB =  P3^7;            //串/并方式控制
  12          sbit wela    =  P2^6;
  13          sbit dula    =  P2^7;
  14          uchar dis1[10]; 
  15          uchar code dis2[] = {"www.txmcu.com"};
  16          uchar code dis3[] = {"天祥电子"};
  17          uchar code dis4[] = {"--------"};
  18          void delay_1ms(uint x) 
  19          { 
  20   1      uint i,j; 
  21   1      for(j=0;j<x;j++)  
  22   1        for(i=0;i<110;i++); 
  23   1      }   
  24          /*******************************************************************/
  25          /*                                                                 */
  26          /*写指令数据到LCD                                                  */
  27          /*RS=L，RW=L，E=高脉冲，D0-D7=指令码。                             */
  28          /*                                                                 */
  29          /*******************************************************************/
  30          void write_cmd(uchar cmd)
  31          {                          
  32   1          LCD_RS = 0;
  33   1          LCD_RW = 0;
  34   1          LCD_EN = 0;
  35   1          P0 = cmd;
  36   1        delay_1ms(5);
  37   1          LCD_EN = 1;
  38   1        delay_1ms(5);
  39   1          LCD_EN = 0;  
  40   1      }
  41          /*******************************************************************/
  42          /*                                                                 */
  43          /*写显示数据到LCD                                                  */
  44          /*RS=H，RW=L，E=高脉冲，D0-D7=数据。                               */
  45          /*                                                                 */
  46          /*******************************************************************/
  47          void write_dat(uchar dat)
  48          {                          
  49   1          LCD_RS = 1;
  50   1          LCD_RW = 0;
  51   1          LCD_EN = 0;
  52   1          P0 = dat;
  53   1        delay_1ms(5);
  54   1          LCD_EN = 1;
C51 COMPILER V9.57.0.0   PART2_5_5                                                         06/24/2019 18:15:50 PAGE 2   

  55   1        delay_1ms(5);
  56   1          LCD_EN = 0;  
  57   1      }
  58          /*********************************************************/
  59          /*                                                       */
  60          /* 设定显示位置                                          */
  61          /*                                                       */
  62          /*********************************************************/
  63          void lcd_pos(uchar X,uchar Y)
  64          {                          
  65   1         uchar  pos;
  66   1         if (X==0)
  67   1           {X=0x80;}
  68   1         else if (X==1)
  69   1           {X=0x90;}
  70   1         else if (X==2)
  71   1           {X=0x88;}
  72   1         else if (X==3)
  73   1           {X=0x98;}
  74   1         pos = X+Y ;  
  75   1         write_cmd(pos);     //显示地址
  76   1      }
  77          void makerand()
  78          {
  79   1        uint ran;
  80   1        ran=rand();
  81   1        dis1[0]=ran/10000+0x30; 
  82   1        dis1[1]=ran%10000/1000+0x30;
  83   1        dis1[2]=ran%1000/100+0x30;
  84   1        dis1[3]=ran%100/10+0x30;
  85   1        dis1[4]=ran%10+0x30;
  86   1        ran=rand();
  87   1        dis1[5]=ran/10000+0x30; 
  88   1        dis1[6]=ran%10000/1000+0x30;
  89   1        dis1[7]=ran%1000/100+0x30;
  90   1        dis1[8]=ran%100/10+0x30;
  91   1        dis1[9]=ran%10+0x30;
  92   1      
  93   1      }
  94          /*******************************************************************/
  95          /*                                                                 */
  96          /*  LCD初始化设定                                                  */
  97          /*                                                                 */
  98          /*******************************************************************/
  99          void lcd_init()
 100          { 
 101   1          LCD_PSB = 1;         //并口方式  
 102   1          write_cmd(0x30);      //基本指令操作
 103   1          delay_1ms(5);
 104   1          write_cmd(0x0C);      //显示开，关光标
 105   1          delay_1ms(5);
 106   1          write_cmd(0x01);      //清除LCD的显示内容
 107   1          delay_1ms(5);
 108   1      }
 109          /*********************************************************/
 110          /*                             */
 111          /* 主程序                              */
 112          /*                                                       */
 113          /*********************************************************/
 114          main()
 115          {
 116   1          uchar i;
C51 COMPILER V9.57.0.0   PART2_5_5                                                         06/24/2019 18:15:50 PAGE 3   

 117   1          wela=0;
 118   1        dula=0;
 119   1          delay_1ms(10);                 //延时
 120   1          lcd_init();                 //初始化LCD             
 121   1          lcd_pos(1,0);             //设置显示位置为第二行的第1个字符
 122   1          i = 0;
 123   1          while(dis2[i] != '\0')
 124   1          {
 125   2             write_dat(dis2[i]);      //显示字符
 126   2             i++;
 127   2          }
 128   1        lcd_pos(2,0);             //设置显示位置为第三行的第1个字符
 129   1          i = 0;
 130   1          while(dis3[i] != '\0')
 131   1          {
 132   2             write_dat(dis3[i]);      //显示字符
 133   2             i++;
 134   2          }
 135   1        lcd_pos(3,0);             //设置显示位置为第四行的第1个字符
 136   1          i = 0;
 137   1          while(dis4[i] != '\0')
 138   1          {
 139   2             write_dat(dis4[i]);      //显示字符
 140   2             i++;
 141   2          }
 142   1          while(1)
 143   1        {
 144   2          lcd_pos(0,0);   //设置显示位置为第一行的第1个字符
 145   2          makerand();
 146   2          for(i=0;i<10;i++)
 147   2          {
 148   3              write_dat(dis1[i]);
 149   3          }
 150   2        }
 151   1      }


MODULE INFORMATION:   STATIC OVERLAYABLE
   CODE SIZE        =    484    ----
   CONSTANT SIZE    =     32    ----
   XDATA SIZE       =   ----    ----
   PDATA SIZE       =   ----    ----
   DATA SIZE        =     10    ----
   IDATA SIZE       =   ----    ----
   BIT SIZE         =   ----    ----
END OF MODULE INFORMATION.


C51 COMPILATION COMPLETE.  0 WARNING(S),  0 ERROR(S)
