C51 COMPILER V9.57.0.0   PART2_3_2                                                         06/23/2019 02:39:00 PAGE 1   


C51 COMPILER V9.57.0.0, COMPILATION OF MODULE PART2_3_2
OBJECT MODULE PLACED IN part2.3_2.OBJ
COMPILER INVOKED BY: D:\Program Files\Keil_v5\C51\BIN\C51.EXE part2.3_2.c OPTIMIZE(8,SPEED) BROWSE DEBUG OBJECTEXTEND TA
                    -BS(2)

line level    source

   1          #include <reg52.h>      
   2          #define uchar unsigned char
   3          #define uint unsigned int
   4          sbit dula=P2^6;   //申明U1锁存器的锁存端
   5          sbit wela=P2^7;   //申明U2锁存器的锁存端
   6          sbit dawr=P3^6;   //定义DA的WR端口
   7          sbit dacs=P3^2;   //定义DA的CS端口
   8          sbit beep=P2^3;   //定义蜂鸣器端口
   9          void delayms(uint xms)        
  10          {
  11   1        uint i,j;
  12   1        for(i=xms;i>0;i--)          //i=xms即延时约xms毫秒
  13   1          for(j=110;j>0;j--);
  14   1      }
  15          
  16          void main()
  17          {
  18   1        uchar val,flag;
  19   1        dula=0;
  20   1        wela=0;
  21   1        dacs=0;
  22   1        dawr=0;
  23   1        P0=0;
  24   1        while(1)
  25   1        {
  26   2          if(flag==0)
  27   2          {
  28   3            val+=5;
  29   3            P0=val;   //通过P0口给DA数据口赋值
  30   3            if(val==255)
  31   3            {
  32   4              flag=1;
  33   4                beep=0;
  34   4              delayms(100);
  35   4              beep=1;
  36   4            }
  37   3            delayms(50);
  38   3          }
  39   2          else
  40   2          {
  41   3            val-=5;
  42   3            P0=val;   //通过P0口给DA数据口赋值
  43   3            if(val==0)
  44   3            {
  45   4              flag=0;
  46   4                beep=0;
  47   4              delayms(100);
  48   4              beep=1;
  49   4            }
  50   3            delayms(50);
  51   3          }   
  52   2        }
  53   1      }

C51 COMPILER V9.57.0.0   PART2_3_2                                                         06/23/2019 02:39:00 PAGE 2   


MODULE INFORMATION:   STATIC OVERLAYABLE
   CODE SIZE        =    111    ----
   CONSTANT SIZE    =   ----    ----
   XDATA SIZE       =   ----    ----
   PDATA SIZE       =   ----    ----
   DATA SIZE        =   ----       1
   IDATA SIZE       =   ----    ----
   BIT SIZE         =   ----    ----
END OF MODULE INFORMATION.


C51 COMPILATION COMPLETE.  0 WARNING(S),  0 ERROR(S)
